[36mvite v6.4.1 [32mbuilding for production...[36m[39m
transforming...
[32mΓ£ô[39m 3 modules transformed.
node.exe : [31mΓ£ù[39m 
Build failed in 334ms
At C:\Program 
Files\nodejs\npx.ps1:29 
char:3
+   & $NODE_EXE $NPX_CLI_JS 
$args
+   ~~~~~~~~~~~~~~~~~~~~~~~~
~~~~~
    + CategoryInfo          
    : NotSpecified: ([31m  
  Γ£ù[39m Build failed i   
 n 334ms:String) [], Rem    
oteException
    + FullyQualifiedErrorId 
    : NativeCommandError
 
[31merror during build:
[31m[vite:css] [postcss] 
It looks like you're trying 
to use `tailwindcss` 
directly as a PostCSS 
plugin. The PostCSS plugin 
has moved to a separate 
package, so to continue 
using Tailwind CSS with 
PostCSS you'll need to 
install 
`@tailwindcss/postcss` and 
update your PostCSS 
configuration.[31m
file: [36mC:/Users/habee/On
eDrive/Desktop/services_copy
-of-the-digital-billboard_ve
rsion-91_source/index.html?h
tml-proxy&inline-css&index=0
.css:undefined:NaN[31m
    at lt (C:\Users\habee\On
eDrive\Desktop\services_copy
-of-the-digital-billboard_ve
rsion-91_source\node_modules
\tailwindcss\dist\lib.js:38:
1643)
    at LazyResult.runOnRoot 
(C:\Users\habee\OneDrive\Des
ktop\services_copy-of-the-di
gital-billboard_version-91_s
ource\node_modules\postcss\l
ib\lazy-result.js:361:16)
    at LazyResult.runAsync (
C:\Users\habee\OneDrive\Desk
top\services_copy-of-the-dig
ital-billboard_version-91_so
urce\node_modules\postcss\li
b\lazy-result.js:290:26)
    at LazyResult.async (C:\
Users\habee\OneDrive\Desktop
\services_copy-of-the-digita
l-billboard_version-91_sourc
e\node_modules\postcss\lib\l
azy-result.js:192:30)
    at LazyResult.then (C:\U
sers\habee\OneDrive\Desktop\
services_copy-of-the-digital
-billboard_version-91_source
\node_modules\postcss\lib\la
zy-result.js:436:17)[39m
